// Jest Snapshot v1, https://goo.gl/fbAQLP

exports[`screen: BlockDetails matches snapshot 1`] = `
<div
  id="Layout"
  navTitle="blocks:blockDetails"
>
  <div
    exists={true}
    id="LoadAndExist"
    loading={false}
  >
    <span
      className="makeStyles-root"
    >
      <div
        hash="6G2U5iuU56dZS8nmHvv7n5RgYm8wTEdDm1srx5ZGdHy5"
        id="Overview"
        proposer="7Gjec4iDbTxLvVYNsRbZrrHdtyLByzdDJ1C5BmcMMBks"
        slot={125042260}
        timestamp="2022-03-15T10:55:19"
        txs={713}
      />
      <div
        id="Transactions"
        transactions={
          Array [
            Object {
              "hash": "3FZ3GH7QcwvcQgdF8r6Ap6UHMgY49ga4aYfFzy2nEADKajLLzzYhUwvcvdLqMeYQaAYiDf3JnJpyVRYoMCb1Zv7u",
              "numInstructions": 1,
              "slot": 125042260,
              "success": false,
              "timestamp": "2022-03-15T10:55:19",
            },
          ]
        }
      />
    </span>
  </div>
</div>
`;
