// Jest Snapshot v1, https://goo.gl/fbAQLP

exports[`screen: BlockDetails matches snapshot 1`] = `
<div
  id="Layout"
  navTitle="blocks:blockDetails"
>
  <div
    exists={true}
    id="LoadAndExist"
    loading={false}
  >
    <span
      className="makeStyles-root"
    >
      <div
        hash="8bti9xLpyuicxYwEPmQ4Xfb8toPeZ1t5zvNqYxkE41B5"
        id="Overview"
        proposer="DDnAqxJVFo2GVTujibHt5cjevHMSE9bo8HJaydHoshdp"
        slot={112673814}
        timestamp="2021-12-22T01:56:19"
        txs={0}
      />
      <div
        id="Transactions"
        transactions={
          Array [
            Object {
              "hash": "5uyxVvn5DsQJwm1XocYHDaY78hrgX3WcoBKY3NcU7Sipy3Gx8GmA2695E2AQA7cEK5z3hZZdzw4ganaTboMdyb22",
              "messages": Object {
                "count": 1,
                "items": Array [
                  MsgUnknown {
                    "category": "others",
                    "json": Object {
                      "type": "vote",
                    },
                    "type": "",
                  },
                ],
              },
              "slot": 112673814,
              "success": false,
              "timestamp": "2021-12-22T01:56:19",
            },
          ]
        }
      />
    </span>
  </div>
</div>
`;
