// Jest Snapshot v1, https://goo.gl/fbAQLP

exports[`screen: Transactions/List matches snapshot 1`] = `
<div
  className="makeStyles-root"
  id="Box"
>
  <h2
    className="MuiTypography-root MuiTypography-h2"
  >
    accounts:transactions
  </h2>
  <div
    className="makeStyles-list"
  >
    <div
      className="makeStyles-list"
      hasNextPage={false}
      id="TransactionsList"
      isItemLoaded={[Function]}
      isNextPageLoading={false}
      itemCount={0}
      loadMoreItems={[Function]}
      loadNextPage={[Function]}
      transactions={Array []}
    />
  </div>
</div>
`;
