// Jest Snapshot v1, https://goo.gl/fbAQLP

exports[`screen: Blocks/List matches snapshot 1`] = `
<div
  id="Layout"
  navTitle="transactionDetails"
>
  <div
    exists={true}
    id="LoadAndExist"
    loading={false}
  >
    <span
      className="makeStyles-root"
    >
      <div
        data={
          Object {
            "confirmations": "MAX",
            "fee": 0.4,
            "signature": "2mGBpvVcxhLXpnTEeDj4aV1SvVCnXcPKroj3idjnri7TwcR4W2UVUkjEUAHk5fL4Wh3EXiwXLw3cDBe6Rbn8sjUU",
            "slot": 2343354,
            "success": true,
            "timestamp": "2021-09-13T20:06:17.363145",
          }
        }
        id="Overview"
      />
      <div
        className="makeStyles-messages"
        id="Messages"
        messages={Array []}
        onMessageFilterCallback={[Function]}
        toggleMessageDisplay={[Function]}
        viewRaw={false}
      />
    </span>
  </div>
</div>
`;
