// Jest Snapshot v1, https://goo.gl/fbAQLP

exports[`screen: Blocks/List matches snapshot 1`] = `
<div
  id="Layout"
  navTitle="transactionDetails"
>
  <div
    exists={true}
    id="LoadAndExist"
    loading={false}
  >
    <span
      className="makeStyles-root"
    >
      <div
        data={
          Object {
            "fee": Object {
              "baseDenom": "udaric",
              "displayDenom": "daric",
              "exponent": 6,
              "value": "0.005",
            },
            "hash": "5oNqh9epbE8AmCqVUr2hb238dyoqBKninb8cyMwwqgTQ5dckAkSqaA3JVhHm8ZK7AjcFp2X1PwvSyVbYGdqBLYGm",
            "slot": 112756074,
            "success": true,
            "timestamp": "2021-12-22T14:33:14",
          }
        }
        id="Overview"
      />
      <div
        className="makeStyles-messages"
        id="Messages"
        messages={
          Array [
            MsgUnknown {
              "category": "others",
              "json": Object {
                "type": "vote",
              },
              "type": "",
            },
          ]
        }
        onMessageFilterCallback={[Function]}
        toggleMessageDisplay={[Function]}
        viewRaw={false}
      />
    </span>
  </div>
</div>
`;
