// Jest Snapshot v1, https://goo.gl/fbAQLP

exports[`screen: Blocks/List matches snapshot 1`] = `
<div
  id="Layout"
  navTitle="transactionDetails"
>
  <div
    exists={true}
    id="LoadAndExist"
    loading={false}
  >
    <span
      className="makeStyles-root"
    >
      <div
        data={
          Object {
            "fee": Object {
              "baseDenom": "udaric",
              "displayDenom": "daric",
              "exponent": 6,
              "value": "0.015",
            },
            "signature": "47vcSu9mH3mUPo5FRbv5dKkeDGCEV26H2V3GWSk25F8SrWwEFzcBvC9u1DpEJwx1k5apYF6uHL1Nv8PFZBZGzwzn",
            "slot": 126542151,
            "success": false,
            "timestamp": "2022-03-25T02:30:13",
          }
        }
        id="Overview"
      />
      <div
        id="Logs"
        logs={
          Array [
            "Program 11111111111111111111111111111111 invoke [1]",
            "Program 11111111111111111111111111111111 success",
          ]
        }
      />
    </span>
  </div>
</div>
`;
