// Jest Snapshot v1, https://goo.gl/fbAQLP

exports[`screen: BlockDetails matches snapshot 1`] = `
<div
  id="Layout"
  navTitle="tokens:tokenDetails"
>
  <div
    exists={true}
    id="LoadAndExist"
    loading={false}
  >
    <span
      className="makeStyles-root"
    >
      <div
        address="9n4nbM75f5Ui33ZbPYXn59EwSgE8CGsHtAeTH5YFeJ9E"
        className="makeStyles-overview"
        decimals={6}
        freezeAuthority="9n4nbM75f5Ui33ZbPYXn59EwSgE8CGsHtAeTH5YFeJ9E"
        id="Overview"
        mintAuthority="9n4nbM75f5Ui33ZbPYXn59EwSgE8CGsHtAeTH5YFeJ9E"
        officialSite="www.solana.com"
      />
      <div
        className="makeStyles-market"
        holders={20}
        id="Market"
        marketCap={7363}
        price={4.01}
        supply={435365}
        transactions={0}
      />
      <div
        className="makeStyles-holders"
        data={
          Array [
            Object {
              "address": "desmosvaloper1rzhewpmmdl72lhnxj6zmxr4v94f522s4hyz467",
              "percentage": 70,
              "quantity": 4534,
              "value": 234243,
            },
            Object {
              "address": "desmosvaloper1rzhewpmmdl72lhnxj6zmxr4v94f522s4hyz467",
              "percentage": 70,
              "quantity": 4534,
              "value": 234243,
            },
            Object {
              "address": "desmosvaloper1rzhewpmmdl72lhnxj6zmxr4v94f522s4hyz467",
              "percentage": 70,
              "quantity": 4534,
              "value": 234243,
            },
            Object {
              "address": "desmosvaloper1rzhewpmmdl72lhnxj6zmxr4v94f522s4hyz467",
              "percentage": 70,
              "quantity": 4534,
              "value": 234243,
            },
            Object {
              "address": "desmosvaloper1rzhewpmmdl72lhnxj6zmxr4v94f522s4hyz467",
              "percentage": 70,
              "quantity": 4534,
              "value": 234243,
            },
            Object {
              "address": "desmosvaloper1rzhewpmmdl72lhnxj6zmxr4v94f522s4hyz467",
              "percentage": 70,
              "quantity": 4534,
              "value": 234243,
            },
            Object {
              "address": "desmosvaloper1rzhewpmmdl72lhnxj6zmxr4v94f522s4hyz467",
              "percentage": 70,
              "quantity": 4534,
              "value": 234243,
            },
            Object {
              "address": "desmosvaloper1rzhewpmmdl72lhnxj6zmxr4v94f522s4hyz467",
              "percentage": 70,
              "quantity": 4534,
              "value": 234243,
            },
            Object {
              "address": "desmosvaloper1rzhewpmmdl72lhnxj6zmxr4v94f522s4hyz467",
              "percentage": 70,
              "quantity": 4534,
              "value": 234243,
            },
            Object {
              "address": "desmosvaloper1rzhewpmmdl72lhnxj6zmxr4v94f522s4hyz467",
              "percentage": 70,
              "quantity": 4534,
              "value": 234243,
            },
            Object {
              "address": "desmosvaloper1rzhewpmmdl72lhnxj6zmxr4v94f522s4hyz467",
              "percentage": 70,
              "quantity": 4534,
              "value": 234243,
            },
            Object {
              "address": "desmosvaloper1rzhewpmmdl72lhnxj6zmxr4v94f522s4hyz467",
              "percentage": 70,
              "quantity": 4534,
              "value": 234243,
            },
            Object {
              "address": "desmosvaloper1rzhewpmmdl72lhnxj6zmxr4v94f522s4hyz467",
              "percentage": 70,
              "quantity": 4534,
              "value": 234243,
            },
            Object {
              "address": "desmosvaloper1rzhewpmmdl72lhnxj6zmxr4v94f522s4hyz467",
              "percentage": 70,
              "quantity": 4534,
              "value": 234243,
            },
            Object {
              "address": "desmosvaloper1rzhewpmmdl72lhnxj6zmxr4v94f522s4hyz467",
              "percentage": 70,
              "quantity": 4534,
              "value": 234243,
            },
            Object {
              "address": "desmosvaloper1rzhewpmmdl72lhnxj6zmxr4v94f522s4hyz467",
              "percentage": 70,
              "quantity": 4534,
              "value": 234243,
            },
            Object {
              "address": "desmosvaloper1rzhewpmmdl72lhnxj6zmxr4v94f522s4hyz467",
              "percentage": 70,
              "quantity": 4534,
              "value": 234243,
            },
            Object {
              "address": "desmosvaloper1rzhewpmmdl72lhnxj6zmxr4v94f522s4hyz467",
              "percentage": 70,
              "quantity": 4534,
              "value": 234243,
            },
            Object {
              "address": "desmosvaloper1rzhewpmmdl72lhnxj6zmxr4v94f522s4hyz467",
              "percentage": 70,
              "quantity": 4534,
              "value": 234243,
            },
            Object {
              "address": "desmosvaloper1rzhewpmmdl72lhnxj6zmxr4v94f522s4hyz467",
              "percentage": 70,
              "quantity": 4534,
              "value": 234243,
            },
          ]
        }
        hasNextPage={false}
        id="Holders"
        isNextPageLoading={false}
        loadNextPage={[Function]}
      />
      <div
        className="makeStyles-transactions"
        data={
          Array [
            Object {
              "messages": Object {
                "count": 0,
                "items": Array [],
              },
              "signature": "4SGxuRMcseNbwki3tGxXPpfz7iFnuo9FUpTfiM4gJ8rhH59uZYSBBK2zW27xRdGX8Sb2N4VkGUnBYt59SBKEhPfB",
              "slot": 123548722,
              "success": true,
              "timestamp": "2021-09-13T20:06:17.363145",
            },
            Object {
              "messages": Object {
                "count": 0,
                "items": Array [],
              },
              "signature": "4SGxuRMcseNbwki3tGxXPpfz7iFnuo9FUpTfiM4gJ8rhH59uZYSBBK2zW27xRdGX8Sb2N4VkGUnBYt59SBKEhPfB",
              "slot": 123548722,
              "success": true,
              "timestamp": "2021-09-13T20:06:17.363145",
            },
            Object {
              "messages": Object {
                "count": 0,
                "items": Array [],
              },
              "signature": "4SGxuRMcseNbwki3tGxXPpfz7iFnuo9FUpTfiM4gJ8rhH59uZYSBBK2zW27xRdGX8Sb2N4VkGUnBYt59SBKEhPfB",
              "slot": 123548722,
              "success": true,
              "timestamp": "2021-09-13T20:06:17.363145",
            },
            Object {
              "messages": Object {
                "count": 0,
                "items": Array [],
              },
              "signature": "4SGxuRMcseNbwki3tGxXPpfz7iFnuo9FUpTfiM4gJ8rhH59uZYSBBK2zW27xRdGX8Sb2N4VkGUnBYt59SBKEhPfB",
              "slot": 123548722,
              "success": true,
              "timestamp": "2021-09-13T20:06:17.363145",
            },
            Object {
              "messages": Object {
                "count": 0,
                "items": Array [],
              },
              "signature": "4SGxuRMcseNbwki3tGxXPpfz7iFnuo9FUpTfiM4gJ8rhH59uZYSBBK2zW27xRdGX8Sb2N4VkGUnBYt59SBKEhPfB",
              "slot": 123548722,
              "success": true,
              "timestamp": "2021-09-13T20:06:17.363145",
            },
            Object {
              "messages": Object {
                "count": 0,
                "items": Array [],
              },
              "signature": "4SGxuRMcseNbwki3tGxXPpfz7iFnuo9FUpTfiM4gJ8rhH59uZYSBBK2zW27xRdGX8Sb2N4VkGUnBYt59SBKEhPfB",
              "slot": 123548722,
              "success": true,
              "timestamp": "2021-09-13T20:06:17.363145",
            },
            Object {
              "messages": Object {
                "count": 0,
                "items": Array [],
              },
              "signature": "4SGxuRMcseNbwki3tGxXPpfz7iFnuo9FUpTfiM4gJ8rhH59uZYSBBK2zW27xRdGX8Sb2N4VkGUnBYt59SBKEhPfB",
              "slot": 123548722,
              "success": true,
              "timestamp": "2021-09-13T20:06:17.363145",
            },
            Object {
              "messages": Object {
                "count": 0,
                "items": Array [],
              },
              "signature": "4SGxuRMcseNbwki3tGxXPpfz7iFnuo9FUpTfiM4gJ8rhH59uZYSBBK2zW27xRdGX8Sb2N4VkGUnBYt59SBKEhPfB",
              "slot": 123548722,
              "success": true,
              "timestamp": "2021-09-13T20:06:17.363145",
            },
            Object {
              "messages": Object {
                "count": 0,
                "items": Array [],
              },
              "signature": "4SGxuRMcseNbwki3tGxXPpfz7iFnuo9FUpTfiM4gJ8rhH59uZYSBBK2zW27xRdGX8Sb2N4VkGUnBYt59SBKEhPfB",
              "slot": 123548722,
              "success": true,
              "timestamp": "2021-09-13T20:06:17.363145",
            },
            Object {
              "messages": Object {
                "count": 0,
                "items": Array [],
              },
              "signature": "4SGxuRMcseNbwki3tGxXPpfz7iFnuo9FUpTfiM4gJ8rhH59uZYSBBK2zW27xRdGX8Sb2N4VkGUnBYt59SBKEhPfB",
              "slot": 123548722,
              "success": true,
              "timestamp": "2021-09-13T20:06:17.363145",
            },
            Object {
              "messages": Object {
                "count": 0,
                "items": Array [],
              },
              "signature": "4SGxuRMcseNbwki3tGxXPpfz7iFnuo9FUpTfiM4gJ8rhH59uZYSBBK2zW27xRdGX8Sb2N4VkGUnBYt59SBKEhPfB",
              "slot": 123548722,
              "success": true,
              "timestamp": "2021-09-13T20:06:17.363145",
            },
            Object {
              "messages": Object {
                "count": 0,
                "items": Array [],
              },
              "signature": "4SGxuRMcseNbwki3tGxXPpfz7iFnuo9FUpTfiM4gJ8rhH59uZYSBBK2zW27xRdGX8Sb2N4VkGUnBYt59SBKEhPfB",
              "slot": 123548722,
              "success": true,
              "timestamp": "2021-09-13T20:06:17.363145",
            },
            Object {
              "messages": Object {
                "count": 0,
                "items": Array [],
              },
              "signature": "4SGxuRMcseNbwki3tGxXPpfz7iFnuo9FUpTfiM4gJ8rhH59uZYSBBK2zW27xRdGX8Sb2N4VkGUnBYt59SBKEhPfB",
              "slot": 123548722,
              "success": true,
              "timestamp": "2021-09-13T20:06:17.363145",
            },
            Object {
              "messages": Object {
                "count": 0,
                "items": Array [],
              },
              "signature": "4SGxuRMcseNbwki3tGxXPpfz7iFnuo9FUpTfiM4gJ8rhH59uZYSBBK2zW27xRdGX8Sb2N4VkGUnBYt59SBKEhPfB",
              "slot": 123548722,
              "success": true,
              "timestamp": "2021-09-13T20:06:17.363145",
            },
            Object {
              "messages": Object {
                "count": 0,
                "items": Array [],
              },
              "signature": "4SGxuRMcseNbwki3tGxXPpfz7iFnuo9FUpTfiM4gJ8rhH59uZYSBBK2zW27xRdGX8Sb2N4VkGUnBYt59SBKEhPfB",
              "slot": 123548722,
              "success": true,
              "timestamp": "2021-09-13T20:06:17.363145",
            },
            Object {
              "messages": Object {
                "count": 0,
                "items": Array [],
              },
              "signature": "4SGxuRMcseNbwki3tGxXPpfz7iFnuo9FUpTfiM4gJ8rhH59uZYSBBK2zW27xRdGX8Sb2N4VkGUnBYt59SBKEhPfB",
              "slot": 123548722,
              "success": true,
              "timestamp": "2021-09-13T20:06:17.363145",
            },
            Object {
              "messages": Object {
                "count": 0,
                "items": Array [],
              },
              "signature": "4SGxuRMcseNbwki3tGxXPpfz7iFnuo9FUpTfiM4gJ8rhH59uZYSBBK2zW27xRdGX8Sb2N4VkGUnBYt59SBKEhPfB",
              "slot": 123548722,
              "success": true,
              "timestamp": "2021-09-13T20:06:17.363145",
            },
            Object {
              "messages": Object {
                "count": 0,
                "items": Array [],
              },
              "signature": "4SGxuRMcseNbwki3tGxXPpfz7iFnuo9FUpTfiM4gJ8rhH59uZYSBBK2zW27xRdGX8Sb2N4VkGUnBYt59SBKEhPfB",
              "slot": 123548722,
              "success": true,
              "timestamp": "2021-09-13T20:06:17.363145",
            },
            Object {
              "messages": Object {
                "count": 0,
                "items": Array [],
              },
              "signature": "4SGxuRMcseNbwki3tGxXPpfz7iFnuo9FUpTfiM4gJ8rhH59uZYSBBK2zW27xRdGX8Sb2N4VkGUnBYt59SBKEhPfB",
              "slot": 123548722,
              "success": true,
              "timestamp": "2021-09-13T20:06:17.363145",
            },
            Object {
              "messages": Object {
                "count": 0,
                "items": Array [],
              },
              "signature": "4SGxuRMcseNbwki3tGxXPpfz7iFnuo9FUpTfiM4gJ8rhH59uZYSBBK2zW27xRdGX8Sb2N4VkGUnBYt59SBKEhPfB",
              "slot": 123548722,
              "success": true,
              "timestamp": "2021-09-13T20:06:17.363145",
            },
          ]
        }
        hasNextPage={false}
        id="Transactions"
        isNextPageLoading={false}
        loadNextPage={[Function]}
      />
    </span>
  </div>
</div>
`;
