// Jest Snapshot v1, https://goo.gl/fbAQLP

exports[`screen: Proposals matches snapshot 1`] = `
<div
  className="makeStyles-root"
  id="Layout"
  navTitle="tokens:tokens"
>
  <div
    exists={true}
    id="LoadAndExist"
    loading={false}
  >
    <div
      id="List"
      isItemLoaded={[Function]}
      itemCount={2}
      items={
        Array [
          Object {
            "address": "EAniGDVY2VKUtZxvpHnbazHfZgfo3bp61TxUGHzw3Cn7",
            "marketCap": null,
            "price": null,
            "token": "007 Exchange",
          },
          Object {
            "address": "G2jrxYSoCSzmohxERa2JzSJMuRM4kiNvRA3DnCv7Lzcz",
            "marketCap": 783277125,
            "price": 0.913409,
            "token": "0x Protocol Token (Wormhole v1)",
          },
        ]
      }
      loadMoreItems={[Function]}
    />
  </div>
</div>
`;
