// Jest Snapshot v1, https://goo.gl/fbAQLP

exports[`screen: Transactions matches snapshot 1`] = `
<div
  className="makeStyles-root"
  id="Layout"
  navTitle="transactions:transactions"
>
  <div
    exists={true}
    id="LoadAndExist"
    loading={false}
  >
    <div
      className="makeStyles-box"
      id="Box"
    >
      <div
        hasNextPage={false}
        id="TransactionsList"
        isItemLoaded={[Function]}
        isNextPageLoading={false}
        itemCount={2}
        loadMoreItems={[Function]}
        loadNextPage={[Function]}
        transactions={
          Array [
            Object {
              "hash": "648kfnNVKfEThUtyZypcKRdTmCAJ6ZYgeqQo9Tt5K99KW2y4s7dGrmqfsuBinKiMcjK746avsSrJu4Lgizm2ebPm",
              "messages": Object {
                "count": 1,
                "items": Array [
                  MsgUnknown {
                    "category": "others",
                    "json": Object {
                      "type": "vote",
                    },
                    "type": "",
                  },
                ],
              },
              "slot": 112385912,
              "success": false,
              "timestamp": "2021-12-20T04:05:46",
            },
            Object {
              "hash": "648kfnNVKfEThUtyZypcKRdTmCAJ6ZYgeqQo9Tt5K99KW2y4s7dGrmqfsuBinKiMcjK746avsSrJu4Lgizm2ebPm",
              "messages": Object {
                "count": 1,
                "items": Array [
                  MsgUnknown {
                    "category": "others",
                    "json": Object {
                      "type": "vote",
                    },
                    "type": "",
                  },
                ],
              },
              "slot": 112385912,
              "success": false,
              "timestamp": "2021-12-20T04:05:46",
            },
          ]
        }
      />
    </div>
  </div>
</div>
`;
