// Jest Snapshot v1, https://goo.gl/fbAQLP

exports[`screen: Transactions matches snapshot 1`] = `
<div
  className="makeStyles-root"
  id="Layout"
  navTitle="transactions:transactions"
>
  <div
    exists={true}
    id="LoadAndExist"
    loading={false}
  >
    <div
      className="makeStyles-box"
      id="Box"
    >
      <div
        hasNextPage={false}
        id="TransactionsList"
        isItemLoaded={[Function]}
        isNextPageLoading={false}
        itemCount={20}
        loadMoreItems={[Function]}
        loadNextPage={[Function]}
        transactions={
          Array [
            Object {
              "messages": Object {
                "count": 0,
                "items": Array [],
              },
              "signature": "4SGxuRMcseNbwki3tGxXPpfz7iFnuo9FUpTfiM4gJ8rhH59uZYSBBK2zW27xRdGX8Sb2N4VkGUnBYt59SBKEhPfB",
              "slot": 123548722,
              "success": true,
              "timestamp": "2021-09-13T20:06:17.363145",
            },
            Object {
              "messages": Object {
                "count": 0,
                "items": Array [],
              },
              "signature": "4SGxuRMcseNbwki3tGxXPpfz7iFnuo9FUpTfiM4gJ8rhH59uZYSBBK2zW27xRdGX8Sb2N4VkGUnBYt59SBKEhPfB",
              "slot": 123548722,
              "success": true,
              "timestamp": "2021-09-13T20:06:17.363145",
            },
            Object {
              "messages": Object {
                "count": 0,
                "items": Array [],
              },
              "signature": "4SGxuRMcseNbwki3tGxXPpfz7iFnuo9FUpTfiM4gJ8rhH59uZYSBBK2zW27xRdGX8Sb2N4VkGUnBYt59SBKEhPfB",
              "slot": 123548722,
              "success": true,
              "timestamp": "2021-09-13T20:06:17.363145",
            },
            Object {
              "messages": Object {
                "count": 0,
                "items": Array [],
              },
              "signature": "4SGxuRMcseNbwki3tGxXPpfz7iFnuo9FUpTfiM4gJ8rhH59uZYSBBK2zW27xRdGX8Sb2N4VkGUnBYt59SBKEhPfB",
              "slot": 123548722,
              "success": true,
              "timestamp": "2021-09-13T20:06:17.363145",
            },
            Object {
              "messages": Object {
                "count": 0,
                "items": Array [],
              },
              "signature": "4SGxuRMcseNbwki3tGxXPpfz7iFnuo9FUpTfiM4gJ8rhH59uZYSBBK2zW27xRdGX8Sb2N4VkGUnBYt59SBKEhPfB",
              "slot": 123548722,
              "success": true,
              "timestamp": "2021-09-13T20:06:17.363145",
            },
            Object {
              "messages": Object {
                "count": 0,
                "items": Array [],
              },
              "signature": "4SGxuRMcseNbwki3tGxXPpfz7iFnuo9FUpTfiM4gJ8rhH59uZYSBBK2zW27xRdGX8Sb2N4VkGUnBYt59SBKEhPfB",
              "slot": 123548722,
              "success": true,
              "timestamp": "2021-09-13T20:06:17.363145",
            },
            Object {
              "messages": Object {
                "count": 0,
                "items": Array [],
              },
              "signature": "4SGxuRMcseNbwki3tGxXPpfz7iFnuo9FUpTfiM4gJ8rhH59uZYSBBK2zW27xRdGX8Sb2N4VkGUnBYt59SBKEhPfB",
              "slot": 123548722,
              "success": true,
              "timestamp": "2021-09-13T20:06:17.363145",
            },
            Object {
              "messages": Object {
                "count": 0,
                "items": Array [],
              },
              "signature": "4SGxuRMcseNbwki3tGxXPpfz7iFnuo9FUpTfiM4gJ8rhH59uZYSBBK2zW27xRdGX8Sb2N4VkGUnBYt59SBKEhPfB",
              "slot": 123548722,
              "success": true,
              "timestamp": "2021-09-13T20:06:17.363145",
            },
            Object {
              "messages": Object {
                "count": 0,
                "items": Array [],
              },
              "signature": "4SGxuRMcseNbwki3tGxXPpfz7iFnuo9FUpTfiM4gJ8rhH59uZYSBBK2zW27xRdGX8Sb2N4VkGUnBYt59SBKEhPfB",
              "slot": 123548722,
              "success": true,
              "timestamp": "2021-09-13T20:06:17.363145",
            },
            Object {
              "messages": Object {
                "count": 0,
                "items": Array [],
              },
              "signature": "4SGxuRMcseNbwki3tGxXPpfz7iFnuo9FUpTfiM4gJ8rhH59uZYSBBK2zW27xRdGX8Sb2N4VkGUnBYt59SBKEhPfB",
              "slot": 123548722,
              "success": true,
              "timestamp": "2021-09-13T20:06:17.363145",
            },
            Object {
              "messages": Object {
                "count": 0,
                "items": Array [],
              },
              "signature": "4SGxuRMcseNbwki3tGxXPpfz7iFnuo9FUpTfiM4gJ8rhH59uZYSBBK2zW27xRdGX8Sb2N4VkGUnBYt59SBKEhPfB",
              "slot": 123548722,
              "success": true,
              "timestamp": "2021-09-13T20:06:17.363145",
            },
            Object {
              "messages": Object {
                "count": 0,
                "items": Array [],
              },
              "signature": "4SGxuRMcseNbwki3tGxXPpfz7iFnuo9FUpTfiM4gJ8rhH59uZYSBBK2zW27xRdGX8Sb2N4VkGUnBYt59SBKEhPfB",
              "slot": 123548722,
              "success": true,
              "timestamp": "2021-09-13T20:06:17.363145",
            },
            Object {
              "messages": Object {
                "count": 0,
                "items": Array [],
              },
              "signature": "4SGxuRMcseNbwki3tGxXPpfz7iFnuo9FUpTfiM4gJ8rhH59uZYSBBK2zW27xRdGX8Sb2N4VkGUnBYt59SBKEhPfB",
              "slot": 123548722,
              "success": true,
              "timestamp": "2021-09-13T20:06:17.363145",
            },
            Object {
              "messages": Object {
                "count": 0,
                "items": Array [],
              },
              "signature": "4SGxuRMcseNbwki3tGxXPpfz7iFnuo9FUpTfiM4gJ8rhH59uZYSBBK2zW27xRdGX8Sb2N4VkGUnBYt59SBKEhPfB",
              "slot": 123548722,
              "success": true,
              "timestamp": "2021-09-13T20:06:17.363145",
            },
            Object {
              "messages": Object {
                "count": 0,
                "items": Array [],
              },
              "signature": "4SGxuRMcseNbwki3tGxXPpfz7iFnuo9FUpTfiM4gJ8rhH59uZYSBBK2zW27xRdGX8Sb2N4VkGUnBYt59SBKEhPfB",
              "slot": 123548722,
              "success": true,
              "timestamp": "2021-09-13T20:06:17.363145",
            },
            Object {
              "messages": Object {
                "count": 0,
                "items": Array [],
              },
              "signature": "4SGxuRMcseNbwki3tGxXPpfz7iFnuo9FUpTfiM4gJ8rhH59uZYSBBK2zW27xRdGX8Sb2N4VkGUnBYt59SBKEhPfB",
              "slot": 123548722,
              "success": true,
              "timestamp": "2021-09-13T20:06:17.363145",
            },
            Object {
              "messages": Object {
                "count": 0,
                "items": Array [],
              },
              "signature": "4SGxuRMcseNbwki3tGxXPpfz7iFnuo9FUpTfiM4gJ8rhH59uZYSBBK2zW27xRdGX8Sb2N4VkGUnBYt59SBKEhPfB",
              "slot": 123548722,
              "success": true,
              "timestamp": "2021-09-13T20:06:17.363145",
            },
            Object {
              "messages": Object {
                "count": 0,
                "items": Array [],
              },
              "signature": "4SGxuRMcseNbwki3tGxXPpfz7iFnuo9FUpTfiM4gJ8rhH59uZYSBBK2zW27xRdGX8Sb2N4VkGUnBYt59SBKEhPfB",
              "slot": 123548722,
              "success": true,
              "timestamp": "2021-09-13T20:06:17.363145",
            },
            Object {
              "messages": Object {
                "count": 0,
                "items": Array [],
              },
              "signature": "4SGxuRMcseNbwki3tGxXPpfz7iFnuo9FUpTfiM4gJ8rhH59uZYSBBK2zW27xRdGX8Sb2N4VkGUnBYt59SBKEhPfB",
              "slot": 123548722,
              "success": true,
              "timestamp": "2021-09-13T20:06:17.363145",
            },
            Object {
              "messages": Object {
                "count": 0,
                "items": Array [],
              },
              "signature": "4SGxuRMcseNbwki3tGxXPpfz7iFnuo9FUpTfiM4gJ8rhH59uZYSBBK2zW27xRdGX8Sb2N4VkGUnBYt59SBKEhPfB",
              "slot": 123548722,
              "success": true,
              "timestamp": "2021-09-13T20:06:17.363145",
            },
          ]
        }
      />
    </div>
  </div>
</div>
`;
